Iteration 1/100
Iteration 2/100
Iteration 3/100
Iteration 4/100
Iteration 5/100
Iteration 6/100
Iteration 7/100
Iteration 8/100
Iteration 9/100
Iteration 10/100
Iteration 11/100
Iteration 12/100
Iteration 13/100
Iteration 14/100
Iteration 15/100
Iteration 16/100
Iteration 17/100
Iteration 18/100
Iteration 19/100
Iteration 20/100
Iteration 21/100
Iteration 22/100
Iteration 23/100
Iteration 24/100
Iteration 25/100
Iteration 26/100
Iteration 27/100
Iteration 28/100
Iteration 29/100
Iteration 30/100
Iteration 31/100
Iteration 32/100
Iteration 33/100
Iteration 34/100
Iteration 35/100
Iteration 36/100
Iteration 37/100
Iteration 38/100
Iteration 39/100
Iteration 40/100
Iteration 41/100
Iteration 42/100
Iteration 43/100
Iteration 44/100
Iteration 45/100
Iteration 46/100
Iteration 47/100
Iteration 48/100
Iteration 49/100
Iteration 50/100
Iteration 51/100
Iteration 52/100
Iteration 53/100
Iteration 54/100
Iteration 55/100
Iteration 56/100
Iteration 57/100
Iteration 58/100
Iteration 59/100
Iteration 60/100
Iteration 61/100
Iteration 62/100
Iteration 63/100
Iteration 64/100
Iteration 65/100
Iteration 66/100
Iteration 67/100
Iteration 68/100
Iteration 69/100
Iteration 70/100
Iteration 71/100
Iteration 72/100
Iteration 73/100
Iteration 74/100
Iteration 75/100
Iteration 76/100
Iteration 77/100
Iteration 78/100
Iteration 79/100
Iteration 80/100
Iteration 81/100
Iteration 82/100
Iteration 83/100
Iteration 84/100
Iteration 85/100
Iteration 86/100
Iteration 87/100
Iteration 88/100
Iteration 89/100
Iteration 90/100
Iteration 91/100
Iteration 92/100
Iteration 93/100
Iteration 94/100
Iteration 95/100
Iteration 96/100
Iteration 97/100
Iteration 98/100
Iteration 99/100
Iteration 100/100
This cluster contains 14 elements.
Its elements are:
(0.24611769130978034, 0.06175490386880611)
(0.08563263023033729, 0.1522914480907961)
(0.06340166093211563, 0.06921329411429544)
(0.12255435017689831, 0.2786116092796207)
(0.31531379207348353, 0.17444425563180244)
(0.19666024418094064, 0.26303782071675963)
(0.02315979081463826, 0.030216319905491784)
(0.052172944605195726, 0.2035690909883101)
(0.24750095846101272, 0.0457637552660114)
(0.4245904496893509, 0.11270640949481614)
(0.34032495632111703, 0.05314103360628375)
(0.0030484136940217565, 0.20801448064726058)
(0.04826207318377784, 0.18348593619745468)
(0.2656278985120255, 0.25511737375279786)

This cluster contains 13 elements.
Its elements are:
(0.32574356605758514, 0.5309088673263039)
(0.15087539813318462, 0.35329918537245586)
(0.22671411642621586, 0.34077245477030327)
(0.009512799280887108, 0.4055411613659251)
(0.29219124756841963, 0.5485973952978715)
(0.212834392718819, 0.35689506357116474)
(0.021823489084568104, 0.3515945610815233)
(0.2620667617162239, 0.4491004891654563)
(0.14835538144765736, 0.4508578279897104)
(0.24811060277949482, 0.5452710788357511)
(0.12179802352068814, 0.5191643542254822)
(0.15152913623310116, 0.4482848623340602)
(0.3366290587860443, 0.31090375338737064)

This cluster contains 7 elements.
Its elements are:
(0.3195287716483932, 0.9252193255542427)
(0.3175326955418133, 0.9095221518310664)
(0.2498533507688897, 0.8792385940216386)
(0.2643117389859898, 0.9937414605045924)
(0.3133493036944103, 0.8073498543527837)
(0.19965093125519318, 0.8853418489886009)
(0.2674871651552595, 0.9901153867016979)

This cluster contains 10 elements.
Its elements are:
(0.49407952136811883, 0.7689586402183819)
(0.411782725863581, 0.7133728826013574)
(0.3864024619097851, 0.8005669236176736)
(0.5047969702350575, 0.8531265966038278)
(0.36977720075454623, 0.7436343600774276)
(0.555950565236282, 0.6385652102246729)
(0.43098481493013996, 0.9008746260564461)
(0.5163108234437392, 0.8521614580824741)
(0.4963951402716482, 0.8079513792335581)
(0.5848391727941736, 0.9805592176449652)

This cluster contains 7 elements.
Its elements are:
(0.7494979100409335, 0.502539539460865)
(0.966910326125705, 0.3437036449757934)
(0.9225287914102788, 0.49218623561797914)
(0.9633936122141351, 0.4337409165575695)
(0.6920505250518227, 0.36957097449689047)
(0.9822435610670484, 0.3939113343571271)
(0.7162999663706868, 0.31309025034307914)

This cluster contains 11 elements.
Its elements are:
(0.5774847083917242, 0.3910516761567402)
(0.4043885362300639, 0.4745339574809133)
(0.3840232451803096, 0.338767232302585)
(0.5399958178868477, 0.33558262487228396)
(0.3812050388866469, 0.4160076643534133)
(0.6118085012324398, 0.38823140523840827)
(0.5939666819813852, 0.3515770388586341)
(0.4801448267999361, 0.5045091286701481)
(0.41689853109507324, 0.4266644456687628)
(0.5845896462084763, 0.47039077556728515)
(0.5351575864867458, 0.4408529469587924)

This cluster contains 2 elements.
Its elements are:
(0.09337951529126909, 0.9886694133073821)
(0.024382718223009414, 0.9851047186784885)

This cluster contains 16 elements.
Its elements are:
(0.9733937324138001, 0.7984111241606361)
(0.9619202588811925, 0.7075100993790925)
(0.9155101934327644, 0.7473436454086152)
(0.9382309464785963, 0.7905972622458277)
(0.9780142143606899, 0.9703356482246507)
(0.972575458857731, 0.6452596470756697)
(0.8061634994444244, 0.6464394923409813)
(0.990363950345791, 0.9177503174358235)
(0.7481383493889515, 0.7236449702932749)
(0.9841257401460132, 0.6055277440288661)
(0.866461626185174, 0.7560318548841122)
(0.9512427943603838, 0.8636633291942669)
(0.7635271511724351, 0.7817992512268408)
(0.692977998811401, 0.6203478878655355)
(0.8205011199258321, 0.7428398032294049)
(0.8402012794301054, 0.8413493785019279)

This cluster contains 6 elements.
Its elements are:
(0.04874848798668141, 0.8600945393613894)
(0.03539830657847143, 0.7720325860683962)
(0.044756174304717455, 0.6240965532618359)
(0.23911769242844394, 0.7274523115098241)
(0.16143018310100354, 0.8005639348176647)
(0.089136131481789, 0.8756054698772745)

This cluster contains 14 elements.
Its elements are:
(0.8912313057199261, 0.046635825930744335)
(0.49442631497262923, 0.08156641905214235)
(0.7777110602956743, 0.051629800780115365)
(0.8910917917284517, 0.17835902770821832)
(0.8155933785376729, 0.04899313108061998)
(0.7348129799610048, 0.08909308680069494)
(0.8209306796615979, 0.0022301246817035825)
(0.5541930309618669, 0.14601056634333465)
(0.8498226594034411, 0.07271063820971602)
(0.8183891607504538, 0.10109449138816073)
(0.5507788945293188, 0.003988216168187342)
(0.8891863575555393, 0.06405928746473744)
(0.6354650746137533, 0.21307875572553936)
(0.5932621961178789, 0.07726078331597552)

There are 100 data points and 100 cluster elements
